2026-09-24 16:48:40.898: [INFO] CurrentProfilePath: D:\Project\managment Softwares\madrsa abdul rehman bin auf\scratch\temp_edge_unlocked\Default
2026-09-24 16:48:40.898: [INFO] Profiles total count: 1
2026-09-24 16:48:40.898: [INFO] Profile: name=Profile 1 path=D:\Project\managment Softwares\madrsa abdul rehman bin auf\scratch\temp_edge_unlocked\Default lastActive=null
2026-09-24 16:48:40.898: [INFO] LastUsedProfileDir: D:\Project\managment Softwares\madrsa abdul rehman bin auf\scratch\temp_edge_unlocked\Default
2026-09-24 16:48:40.898: [INFO] VisibilityChanged: 0
2026-09-24 16:48:40.931: [INFO] RecordSyncInitDuration has_sync_been_enabled: 0 state: 0
2026-09-24 16:48:40.934: [INFO] RecordSyncInitDuration has_sync_been_enabled: 0 state: 0
2026-09-24 16:48:40.937: [INFO] RecordSyncInitDuration has_sync_been_enabled: 0 state: 0
2026-09-24 16:48:40.940: [INFO] RecordSyncInitDuration has_sync_been_enabled: 0 state: 0
2026-09-24 16:48:40.943: [INFO] RecordSyncInitDuration has_sync_been_enabled: 0 state: 0
2026-09-24 16:48:40.947: [INFO] RecordSyncInitDuration has_sync_been_enabled: 0 state: 0
2026-09-24 16:48:40.952: [INFO] RecordSyncInitDuration has_sync_been_enabled: 0 state: 0
2026-09-24 16:48:40.955: [INFO] RecordSyncInitDuration has_sync_been_enabled: 0 state: 0
2026-09-24 16:48:40.958: [INFO] RecordSyncInitDuration has_sync_been_enabled: 0 state: 0
2026-09-24 16:48:40.961: [INFO] RecordSyncInitDuration has_sync_been_enabled: 0 state: 0
2026-09-24 16:48:40.978: [INFO] OnDoneLoading sync enabled: 0
2026-09-24 16:48:40.978: [INFO] BookmarkModelLoaded, ids_reassigned: 0
2026-09-24 16:48:40.978: [INFO] BookmarksLoadDropped droppedNodes=0
2026-09-24 16:48:40.978: [INFO] BookmarksSnapshot Startup total=0 bar=0 other=0 mobile=0 showBar=0 showBarNTP=1
2026-09-24 16:48:40.985: [INFO] RecordSyncInitDuration has_sync_been_enabled: 0 state: 0
