2026-09-23 16:50:26.541: [INFO] CurrentProfilePath: D:\Project\managment Softwares\madrsa abdul rehman bin auf\scratch\temp_edge_donors_profile\Default
2026-09-23 16:50:26.541: [INFO] Profiles total count: 1
2026-09-23 16:50:26.541: [INFO] Profile: name=Profile 1 path=D:\Project\managment Softwares\madrsa abdul rehman bin auf\scratch\temp_edge_donors_profile\Default lastActive=null
2026-09-23 16:50:26.541: [INFO] LastUsedProfileDir: D:\Project\managment Softwares\madrsa abdul rehman bin auf\scratch\temp_edge_donors_profile\Default
2026-09-23 16:50:26.541: [INFO] VisibilityChanged: 0
2026-09-23 16:50:26.575: [INFO] RecordSyncInitDuration has_sync_been_enabled: 0 state: 0
2026-09-23 16:50:26.577: [INFO] RecordSyncInitDuration has_sync_been_enabled: 0 state: 0
2026-09-23 16:50:26.579: [INFO] RecordSyncInitDuration has_sync_been_enabled: 0 state: 0
2026-09-23 16:50:26.582: [INFO] RecordSyncInitDuration has_sync_been_enabled: 0 state: 0
2026-09-23 16:50:26.585: [INFO] RecordSyncInitDuration has_sync_been_enabled: 0 state: 0
2026-09-23 16:50:26.588: [INFO] RecordSyncInitDuration has_sync_been_enabled: 0 state: 0
2026-09-23 16:50:26.593: [INFO] RecordSyncInitDuration has_sync_been_enabled: 0 state: 0
2026-09-23 16:50:26.596: [INFO] RecordSyncInitDuration has_sync_been_enabled: 0 state: 0
2026-09-23 16:50:26.599: [INFO] RecordSyncInitDuration has_sync_been_enabled: 0 state: 0
2026-09-23 16:50:26.602: [INFO] RecordSyncInitDuration has_sync_been_enabled: 0 state: 0
2026-09-23 16:50:26.623: [INFO] OnDoneLoading sync enabled: 0
2026-09-23 16:50:26.623: [INFO] BookmarkModelLoaded, ids_reassigned: 0
2026-09-23 16:50:26.623: [INFO] BookmarksLoadDropped droppedNodes=0
2026-09-23 16:50:26.623: [INFO] BookmarksSnapshot Startup total=0 bar=0 other=0 mobile=0 showBar=0 showBarNTP=1
2026-09-23 16:50:26.768: [INFO] RecordSyncInitDuration has_sync_been_enabled: 0 state: 0
