2026-09-23 16:40:04.052: [INFO] CurrentProfilePath: D:\Project\managment Softwares\madrsa abdul rehman bin auf\scratch\temp_edge_finance_profile\Default
2026-09-23 16:40:04.052: [INFO] Profiles total count: 1
2026-09-23 16:40:04.052: [INFO] Profile: name=Profile 1 path=D:\Project\managment Softwares\madrsa abdul rehman bin auf\scratch\temp_edge_finance_profile\Default lastActive=null
2026-09-23 16:40:04.052: [INFO] LastUsedProfileDir: D:\Project\managment Softwares\madrsa abdul rehman bin auf\scratch\temp_edge_finance_profile\Default
2026-09-23 16:40:04.052: [INFO] VisibilityChanged: 0
2026-09-23 16:40:04.090: [INFO] RecordSyncInitDuration has_sync_been_enabled: 0 state: 0
2026-09-23 16:40:04.093: [INFO] RecordSyncInitDuration has_sync_been_enabled: 0 state: 0
2026-09-23 16:40:04.097: [INFO] RecordSyncInitDuration has_sync_been_enabled: 0 state: 0
2026-09-23 16:40:04.102: [INFO] RecordSyncInitDuration has_sync_been_enabled: 0 state: 0
2026-09-23 16:40:04.106: [INFO] RecordSyncInitDuration has_sync_been_enabled: 0 state: 0
2026-09-23 16:40:04.112: [INFO] RecordSyncInitDuration has_sync_been_enabled: 0 state: 0
2026-09-23 16:40:04.116: [INFO] RecordSyncInitDuration has_sync_been_enabled: 0 state: 0
2026-09-23 16:40:04.120: [INFO] RecordSyncInitDuration has_sync_been_enabled: 0 state: 0
2026-09-23 16:40:04.124: [INFO] RecordSyncInitDuration has_sync_been_enabled: 0 state: 0
2026-09-23 16:40:04.130: [INFO] RecordSyncInitDuration has_sync_been_enabled: 0 state: 0
2026-09-23 16:40:04.156: [INFO] OnDoneLoading sync enabled: 0
2026-09-23 16:40:04.156: [INFO] BookmarkModelLoaded, ids_reassigned: 0
2026-09-23 16:40:04.156: [INFO] BookmarksLoadDropped droppedNodes=0
2026-09-23 16:40:04.156: [INFO] BookmarksSnapshot Startup total=0 bar=0 other=0 mobile=0 showBar=0 showBarNTP=1
2026-09-23 16:40:04.161: [INFO] RecordSyncInitDuration has_sync_been_enabled: 0 state: 0
